Sender: LSF System <lsfadmin@h11u28>
Subject: Job 149183373: <field_sweep_w0> in cluster <Janelia> Done

Job <field_sweep_w0> was submitted from host <e02u30> by user <liuj4> in cluster <Janelia> at Thu Apr  2 18:35:26 2026
Job was executed on host(s) <2*h11u28>, in queue <gpu_a100>, as user <liuj4> in cluster <Janelia> at Thu Apr  2 18:35:26 2026
</groups/jingyiliu/home/liuj4> was used as the home directory.
</groups/jingyiliu/home/liuj4/cell-gnn> was used as the working directory.
Started at Thu Apr  2 18:35:26 2026
Terminated at Thu Apr  2 23:21:29 2026
Results reported at Thu Apr  2 23:21:29 2026

Your job looked like:

------------------------------------------------------------
# LSBATCH: User input
python -m cell_gnn.experiments.field_learning_sweep_dynamic             --device cuda:0 --n_workers 2 --worker_id 0
------------------------------------------------------------

Successfully completed.

Resource usage summary:

    CPU time :                                   17087.18 sec.
    Max Memory :                                 1162 MB
    Average Memory :                             949.72 MB
    Total Requested Memory :                     81920.00 MB
    Delta Memory :                               80758.00 MB
    Max Swap :                                   -
    Max Processes :                              3
    Max Threads :                                8
    Run time :                                   17161 sec.
    Turnaround time :                            17163 sec.

The output (if any) follows:

Total experiments: 400
Worker 0/2: running 200 experiments
Device: cuda:0
Output: results/field_sweep_dynamic_h32

[1/200 | global 1/400] relu | moving_blob | target=gradient | lr=0.0001 | layers=5 | hidden=32 | frames=100
  -> rel_error=0.7433  loss=1.33e-02  params=3,427  time=52.7s  NOT CONVERGED

[2/200 | global 3/400] relu | moving_blob | target=gradient | lr=0.0005 | layers=5 | hidden=32 | frames=100
  -> rel_error=0.2284  loss=1.39e-03  params=3,427  time=52.6s  NOT CONVERGED

[3/200 | global 5/400] relu | moving_blob | target=gradient | lr=0.001 | layers=5 | hidden=32 | frames=100
  -> rel_error=0.1761  loss=7.53e-04  params=3,427  time=52.6s  NOT CONVERGED

[4/200 | global 7/400] relu | moving_blob | target=gradient | lr=0.003 | layers=5 | hidden=32 | frames=100
  -> rel_error=0.1447  loss=4.87e-04  params=3,427  time=52.6s  NOT CONVERGED

[5/200 | global 9/400] tanh | moving_blob | target=gradient | lr=0.0001 | layers=5 | hidden=32 | frames=100
  -> rel_error=0.9627  loss=2.41e-02  params=3,427  time=52.6s  NOT CONVERGED

[6/200 | global 11/400] tanh | moving_blob | target=gradient | lr=0.0005 | layers=5 | hidden=32 | frames=100
  -> rel_error=0.7740  loss=1.28e-02  params=3,427  time=52.5s  NOT CONVERGED

[7/200 | global 13/400] tanh | moving_blob | target=gradient | lr=0.001 | layers=5 | hidden=32 | frames=100
  -> rel_error=0.7277  loss=1.27e-02  params=3,427  time=52.6s  NOT CONVERGED

[8/200 | global 15/400] tanh | moving_blob | target=gradient | lr=0.003 | layers=5 | hidden=32 | frames=100
  -> rel_error=0.2344  loss=1.42e-03  params=3,427  time=52.6s  NOT CONVERGED

[9/200 | global 17/400] gelu | moving_blob | target=gradient | lr=0.0001 | layers=5 | hidden=32 | frames=100
  -> rel_error=0.9666  loss=2.33e-02  params=3,427  time=52.9s  NOT CONVERGED

[10/200 | global 19/400] gelu | moving_blob | target=gradient | lr=0.0005 | layers=5 | hidden=32 | frames=100
  -> rel_error=0.6528  loss=9.67e-03  params=3,427  time=52.9s  NOT CONVERGED

[11/200 | global 21/400] gelu | moving_blob | target=gradient | lr=0.001 | layers=5 | hidden=32 | frames=100
  -> rel_error=0.1861  loss=1.36e-03  params=3,427  time=52.8s  NOT CONVERGED

[12/200 | global 23/400] gelu | moving_blob | target=gradient | lr=0.003 | layers=5 | hidden=32 | frames=100
  -> rel_error=0.0905  loss=1.52e-04  params=3,427  time=52.9s  NOT CONVERGED

[13/200 | global 25/400] siren | moving_blob | target=gradient | lr=0.0001 | layers=5 | hidden=32 | frames=100 | omega=30.0
  -> rel_error=0.0493  loss=5.52e-05  params=3,427  time=56.4s  CONVERGED

[14/200 | global 27/400] siren | moving_blob | target=scalar | lr=0.0001 | layers=5 | hidden=32 | frames=100 | omega=30.0
  -> rel_error=0.0271  loss=1.44e-05  params=3,361  time=53.4s  CONVERGED

[15/200 | global 29/400] siren | moving_blob | target=gradient | lr=0.0005 | layers=5 | hidden=32 | frames=100 | omega=30.0
  -> rel_error=0.0370  loss=3.17e-05  params=3,427  time=56.5s  CONVERGED

[16/200 | global 31/400] siren | moving_blob | target=scalar | lr=0.0005 | layers=5 | hidden=32 | frames=100 | omega=30.0
  -> rel_error=0.0163  loss=5.94e-06  params=3,361  time=53.5s  CONVERGED

[17/200 | global 33/400] siren | moving_blob | target=gradient | lr=0.001 | layers=5 | hidden=32 | frames=100 | omega=30.0
  -> rel_error=0.0287  loss=2.16e-05  params=3,427  time=56.4s  CONVERGED

[18/200 | global 35/400] siren | moving_blob | target=scalar | lr=0.001 | layers=5 | hidden=32 | frames=100 | omega=30.0
  -> rel_error=0.0157  loss=4.12e-06  params=3,361  time=53.5s  CONVERGED

[19/200 | global 37/400] siren | moving_blob | target=gradient | lr=0.003 | layers=5 | hidden=32 | frames=100 | omega=30.0
  -> rel_error=0.0532  loss=6.48e-05  params=3,427  time=56.4s  NOT CONVERGED

[20/200 | global 39/400] siren | moving_blob | target=scalar | lr=0.003 | layers=5 | hidden=32 | frames=100 | omega=30.0
  -> rel_error=0.0321  loss=1.79e-05  params=3,361  time=53.4s  CONVERGED

[21/200 | global 41/400] relu | moving_pulsating | target=gradient | lr=0.0001 | layers=5 | hidden=32 | frames=100
  -> rel_error=0.9696  loss=2.84e-04  params=3,427  time=52.6s  NOT CONVERGED

[22/200 | global 43/400] relu | moving_pulsating | target=gradient | lr=0.0005 | layers=5 | hidden=32 | frames=100
  -> rel_error=0.7764  loss=2.57e-04  params=3,427  time=52.6s  NOT CONVERGED

[23/200 | global 45/400] relu | moving_pulsating | target=gradient | lr=0.001 | layers=5 | hidden=32 | frames=100
  -> rel_error=0.6700  loss=1.73e-04  params=3,427  time=52.6s  NOT CONVERGED

[24/200 | global 47/400] relu | moving_pulsating | target=gradient | lr=0.003 | layers=5 | hidden=32 | frames=100
  -> rel_error=0.4354  loss=1.19e-04  params=3,427  time=52.5s  NOT CONVERGED

[25/200 | global 49/400] tanh | moving_pulsating | target=gradient | lr=0.0001 | layers=5 | hidden=32 | frames=100
  -> rel_error=0.9897  loss=3.10e-04  params=3,427  time=52.5s  NOT CONVERGED

[26/200 | global 51/400] tanh | moving_pulsating | target=gradient | lr=0.0005 | layers=5 | hidden=32 | frames=100
  -> rel_error=0.9883  loss=4.53e-04  params=3,427  time=52.5s  NOT CONVERGED

[27/200 | global 53/400] tanh | moving_pulsating | target=gradient | lr=0.001 | layers=5 | hidden=32 | frames=100
  -> rel_error=0.9871  loss=3.06e-04  params=3,427  time=52.6s  NOT CONVERGED

[28/200 | global 55/400] tanh | moving_pulsating | target=gradient | lr=0.003 | layers=5 | hidden=32 | frames=100
  -> rel_error=0.9857  loss=3.30e-04  params=3,427  time=52.6s  NOT CONVERGED

[29/200 | global 57/400] gelu | moving_pulsating | target=gradient | lr=0.0001 | layers=5 | hidden=32 | frames=100
  -> rel_error=0.9892  loss=5.78e-04  params=3,427  time=52.9s  NOT CONVERGED

[30/200 | global 59/400] gelu | moving_pulsating | target=gradient | lr=0.0005 | layers=5 | hidden=32 | frames=100
  -> rel_error=0.9883  loss=2.82e-04  params=3,427  time=52.9s  NOT CONVERGED

[31/200 | global 61/400] gelu | moving_pulsating | target=gradient | lr=0.001 | layers=5 | hidden=32 | frames=100
  -> rel_error=0.9840  loss=4.29e-04  params=3,427  time=52.9s  NOT CONVERGED

[32/200 | global 63/400] gelu | moving_pulsating | target=gradient | lr=0.003 | layers=5 | hidden=32 | frames=100
  -> rel_error=0.9316  loss=9.87e-05  params=3,427  time=53.0s  NOT CONVERGED

[33/200 | global 65/400] siren | moving_pulsating | target=gradient | lr=0.0001 | layers=5 | hidden=32 | frames=100 | omega=30.0
  -> rel_error=0.2713  loss=3.87e-05  params=3,427  time=56.5s  NOT CONVERGED

[34/200 | global 67/400] siren | moving_pulsating | target=scalar | lr=0.0001 | layers=5 | hidden=32 | frames=100 | omega=30.0
  -> rel_error=0.0844  loss=4.62e-05  params=3,361  time=53.5s  NOT CONVERGED

[35/200 | global 69/400] siren | moving_pulsating | target=gradient | lr=0.0005 | layers=5 | hidden=32 | frames=100 | omega=30.0
  -> rel_error=0.2266  loss=2.87e-05  params=3,427  time=56.5s  NOT CONVERGED

[36/200 | global 71/400] siren | moving_pulsating | target=scalar | lr=0.0005 | layers=5 | hidden=32 | frames=100 | omega=30.0
  -> rel_error=0.0496  loss=6.73e-06  params=3,361  time=53.5s  CONVERGED

[37/200 | global 73/400] siren | moving_pulsating | target=gradient | lr=0.001 | layers=5 | hidden=32 | frames=100 | omega=30.0
  -> rel_error=0.2769  loss=3.29e-05  params=3,427  time=56.4s  NOT CONVERGED

[38/200 | global 75/400] siren | moving_pulsating | target=scalar | lr=0.001 | layers=5 | hidden=32 | frames=100 | omega=30.0
  -> rel_error=0.0363  loss=6.09e-06  params=3,361  time=53.2s  CONVERGED

[39/200 | global 77/400] siren | moving_pulsating | target=gradient | lr=0.003 | layers=5 | hidden=32 | frames=100 | omega=30.0
  -> rel_error=1.0000  loss=6.06e-04  params=3,427  time=56.4s  NOT CONVERGED

[40/200 | global 79/400] siren | moving_pulsating | target=scalar | lr=0.003 | layers=5 | hidden=32 | frames=100 | omega=30.0
  -> rel_error=0.0790  loss=2.93e-05  params=3,361  time=53.4s  NOT CONVERGED

[41/200 | global 81/400] relu | moving_small | target=gradient | lr=0.0001 | layers=5 | hidden=32 | frames=100
  -> rel_error=1.0017  loss=2.34e-04  params=3,427  time=52.5s  NOT CONVERGED

[42/200 | global 83/400] relu | moving_small | target=gradient | lr=0.0005 | layers=5 | hidden=32 | frames=100
  -> rel_error=0.9999  loss=2.46e-04  params=3,427  time=52.6s  NOT CONVERGED

[43/200 | global 85/400] relu | moving_small | target=gradient | lr=0.001 | layers=5 | hidden=32 | frames=100
  -> rel_error=0.9990  loss=2.89e-04  params=3,427  time=52.6s  NOT CONVERGED

[44/200 | global 87/400] relu | moving_small | target=gradient | lr=0.003 | layers=5 | hidden=32 | frames=100
  -> rel_error=0.9998  loss=2.39e-04  params=3,427  time=52.7s  NOT CONVERGED

[45/200 | global 89/400] tanh | moving_small | target=gradient | lr=0.0001 | layers=5 | hidden=32 | frames=100
  -> rel_error=1.0013  loss=2.38e-04  params=3,427  time=52.7s  NOT CONVERGED

[46/200 | global 91/400] tanh | moving_small | target=gradient | lr=0.0005 | layers=5 | hidden=32 | frames=100
  -> rel_error=1.0002  loss=1.85e-04  params=3,427  time=52.7s  NOT CONVERGED

[47/200 | global 93/400] tanh | moving_small | target=gradient | lr=0.001 | layers=5 | hidden=32 | frames=100
  -> rel_error=1.0000  loss=1.79e-04  params=3,427  time=52.6s  NOT CONVERGED

[48/200 | global 95/400] tanh | moving_small | target=gradient | lr=0.003 | layers=5 | hidden=32 | frames=100
  -> rel_error=1.0000  loss=1.64e-04  params=3,427  time=52.7s  NOT CONVERGED

[49/200 | global 97/400] gelu | moving_small | target=gradient | lr=0.0001 | layers=5 | hidden=32 | frames=100
  -> rel_error=1.0016  loss=2.10e-04  params=3,427  time=53.0s  NOT CONVERGED

[50/200 | global 99/400] gelu | moving_small | target=gradient | lr=0.0005 | layers=5 | hidden=32 | frames=100
  -> rel_error=1.0001  loss=2.21e-04  params=3,427  time=52.9s  NOT CONVERGED

[51/200 | global 101/400] gelu | moving_small | target=gradient | lr=0.001 | layers=5 | hidden=32 | frames=100
  -> rel_error=1.0000  loss=2.00e-04  params=3,427  time=52.9s  NOT CONVERGED

[52/200 | global 103/400] gelu | moving_small | target=gradient | lr=0.003 | layers=5 | hidden=32 | frames=100
  -> rel_error=1.0000  loss=1.82e-04  params=3,427  time=52.8s  NOT CONVERGED

[53/200 | global 105/400] siren | moving_small | target=gradient | lr=0.0001 | layers=5 | hidden=32 | frames=100 | omega=30.0
  -> rel_error=0.5371  loss=7.83e-05  params=3,427  time=56.4s  NOT CONVERGED

[54/200 | global 107/400] siren | moving_small | target=scalar | lr=0.0001 | layers=5 | hidden=32 | frames=100 | omega=30.0
  -> rel_error=0.3576  loss=2.81e-05  params=3,361  time=53.3s  NOT CONVERGED

[55/200 | global 109/400] siren | moving_small | target=gradient | lr=0.0005 | layers=5 | hidden=32 | frames=100 | omega=30.0
  -> rel_error=0.2003  loss=8.58e-06  params=3,427  time=56.4s  NOT CONVERGED

[56/200 | global 111/400] siren | moving_small | target=scalar | lr=0.0005 | layers=5 | hidden=32 | frames=100 | omega=30.0
  -> rel_error=0.0964  loss=9.55e-07  params=3,361  time=53.3s  NOT CONVERGED

[57/200 | global 113/400] siren | moving_small | target=gradient | lr=0.001 | layers=5 | hidden=32 | frames=100 | omega=30.0
  -> rel_error=0.5382  loss=6.06e-05  params=3,427  time=56.4s  NOT CONVERGED

[58/200 | global 115/400] siren | moving_small | target=scalar | lr=0.001 | layers=5 | hidden=32 | frames=100 | omega=30.0
  -> rel_error=0.0563  loss=3.05e-07  params=3,361  time=53.3s  NOT CONVERGED

[59/200 | global 117/400] siren | moving_small | target=gradient | lr=0.003 | layers=5 | hidden=32 | frames=100 | omega=30.0
  -> rel_error=0.8490  loss=1.62e-04  params=3,427  time=56.5s  NOT CONVERGED

[60/200 | global 119/400] siren | moving_small | target=scalar | lr=0.003 | layers=5 | hidden=32 | frames=100 | omega=30.0
  -> rel_error=0.9985  loss=1.23e-04  params=3,361  time=53.5s  NOT CONVERGED

[61/200 | global 121/400] relu | multi_small_orbit | target=gradient | lr=0.0001 | layers=5 | hidden=32 | frames=100
  -> rel_error=1.0002  loss=3.97e-04  params=3,427  time=52.5s  NOT CONVERGED

[62/200 | global 123/400] relu | multi_small_orbit | target=gradient | lr=0.0005 | layers=5 | hidden=32 | frames=100
  -> rel_error=0.9991  loss=3.44e-04  params=3,427  time=52.6s  NOT CONVERGED

[63/200 | global 125/400] relu | multi_small_orbit | target=gradient | lr=0.001 | layers=5 | hidden=32 | frames=100
  -> rel_error=0.9997  loss=3.70e-04  params=3,427  time=52.6s  NOT CONVERGED

[64/200 | global 127/400] relu | multi_small_orbit | target=gradient | lr=0.003 | layers=5 | hidden=32 | frames=100
  -> rel_error=0.9992  loss=4.80e-04  params=3,427  time=52.7s  NOT CONVERGED

[65/200 | global 129/400] tanh | multi_small_orbit | target=gradient | lr=0.0001 | layers=5 | hidden=32 | frames=100
  -> rel_error=1.0002  loss=3.82e-04  params=3,427  time=52.6s  NOT CONVERGED

[66/200 | global 131/400] tanh | multi_small_orbit | target=gradient | lr=0.0005 | layers=5 | hidden=32 | frames=100
  -> rel_error=1.0001  loss=4.33e-04  params=3,427  time=52.6s  NOT CONVERGED

[67/200 | global 133/400] tanh | multi_small_orbit | target=gradient | lr=0.001 | layers=5 | hidden=32 | frames=100
  -> rel_error=1.0001  loss=3.42e-04  params=3,427  time=52.5s  NOT CONVERGED

[68/200 | global 135/400] tanh | multi_small_orbit | target=gradient | lr=0.003 | layers=5 | hidden=32 | frames=100
  -> rel_error=1.0000  loss=3.69e-04  params=3,427  time=52.6s  NOT CONVERGED

[69/200 | global 137/400] gelu | multi_small_orbit | target=gradient | lr=0.0001 | layers=5 | hidden=32 | frames=100
  -> rel_error=1.0001  loss=3.94e-04  params=3,427  time=52.9s  NOT CONVERGED

[70/200 | global 139/400] gelu | multi_small_orbit | target=gradient | lr=0.0005 | layers=5 | hidden=32 | frames=100
  -> rel_error=1.0000  loss=3.89e-04  params=3,427  time=52.9s  NOT CONVERGED

[71/200 | global 141/400] gelu | multi_small_orbit | target=gradient | lr=0.001 | layers=5 | hidden=32 | frames=100
  -> rel_error=1.0000  loss=3.80e-04  params=3,427  time=52.9s  NOT CONVERGED

[72/200 | global 143/400] gelu | multi_small_orbit | target=gradient | lr=0.003 | layers=5 | hidden=32 | frames=100
  -> rel_error=1.0000  loss=4.32e-04  params=3,427  time=52.9s  NOT CONVERGED

[73/200 | global 145/400] siren | multi_small_orbit | target=gradient | lr=0.0001 | layers=5 | hidden=32 | frames=100 | omega=30.0
  -> rel_error=0.8399  loss=3.17e-04  params=3,427  time=56.5s  NOT CONVERGED

[74/200 | global 147/400] siren | multi_small_orbit | target=scalar | lr=0.0001 | layers=5 | hidden=32 | frames=100 | omega=30.0
  -> rel_error=0.3611  loss=3.91e-05  params=3,361  time=53.5s  NOT CONVERGED

[75/200 | global 149/400] siren | multi_small_orbit | target=gradient | lr=0.0005 | layers=5 | hidden=32 | frames=100 | omega=30.0
  -> rel_error=0.4725  loss=8.73e-05  params=3,427  time=56.5s  NOT CONVERGED

[76/200 | global 151/400] siren | multi_small_orbit | target=scalar | lr=0.0005 | layers=5 | hidden=32 | frames=100 | omega=30.0
  -> rel_error=0.1293  loss=5.65e-06  params=3,361  time=53.5s  NOT CONVERGED

[77/200 | global 153/400] siren | multi_small_orbit | target=gradient | lr=0.001 | layers=5 | hidden=32 | frames=100 | omega=30.0
  -> rel_error=0.7275  loss=2.20e-04  params=3,427  time=56.5s  NOT CONVERGED

[78/200 | global 155/400] siren | multi_small_orbit | target=scalar | lr=0.001 | layers=5 | hidden=32 | frames=100 | omega=30.0
  -> rel_error=0.6499  loss=1.35e-04  params=3,361  time=53.5s  NOT CONVERGED

[79/200 | global 157/400] siren | multi_small_orbit | target=gradient | lr=0.003 | layers=5 | hidden=32 | frames=100 | omega=30.0
  -> rel_error=0.9999  loss=4.12e-04  params=3,427  time=56.5s  NOT CONVERGED

[80/200 | global 159/400] siren | multi_small_orbit | target=scalar | lr=0.003 | layers=5 | hidden=32 | frames=100 | omega=30.0
  -> rel_error=0.3836  loss=4.99e-05  params=3,361  time=53.5s  NOT CONVERGED

[81/200 | global 161/400] relu | moving_blob | target=gradient | lr=0.001 | layers=1 | hidden=64 | frames=100
  -> rel_error=0.7164  loss=1.29e-02  params=515  time=30.9s  NOT CONVERGED

[82/200 | global 163/400] relu | moving_blob | target=gradient | lr=0.001 | layers=2 | hidden=64 | frames=100
  -> rel_error=0.7460  loss=1.40e-02  params=515  time=30.9s  NOT CONVERGED

[83/200 | global 165/400] relu | moving_blob | target=gradient | lr=0.001 | layers=3 | hidden=64 | frames=100
  -> rel_error=0.3607  loss=3.66e-03  params=4,675  time=53.5s  NOT CONVERGED

[84/200 | global 167/400] relu | moving_blob | target=gradient | lr=0.001 | layers=5 | hidden=64 | frames=100
  -> rel_error=0.0963  loss=2.67e-04  params=12,995  time=98.2s  NOT CONVERGED

[85/200 | global 169/400] relu | moving_blob | target=gradient | lr=0.001 | layers=7 | hidden=64 | frames=100
  -> rel_error=0.0738  loss=1.58e-04  params=21,315  time=143.6s  NOT CONVERGED

[86/200 | global 171/400] relu | moving_blob | target=gradient | lr=0.001 | layers=1 | hidden=128 | frames=100
  -> rel_error=0.6401  loss=1.08e-02  params=1,027  time=33.4s  NOT CONVERGED

[87/200 | global 173/400] relu | moving_blob | target=gradient | lr=0.001 | layers=2 | hidden=128 | frames=100
  -> rel_error=0.6149  loss=9.54e-03  params=1,027  time=33.4s  NOT CONVERGED

[88/200 | global 175/400] relu | moving_blob | target=gradient | lr=0.001 | layers=3 | hidden=128 | frames=100
  -> rel_error=0.2476  loss=1.44e-03  params=17,539  time=60.6s  NOT CONVERGED

[89/200 | global 177/400] relu | moving_blob | target=gradient | lr=0.001 | layers=5 | hidden=128 | frames=100
  -> rel_error=0.0606  loss=8.75e-05  params=50,563  time=115.1s  NOT CONVERGED

[90/200 | global 179/400] relu | moving_blob | target=gradient | lr=0.001 | layers=7 | hidden=128 | frames=100
  -> rel_error=0.0424  loss=4.20e-05  params=83,587  time=172.2s  CONVERGED

[91/200 | global 181/400] relu | moving_blob | target=gradient | lr=0.001 | layers=1 | hidden=256 | frames=100
  -> rel_error=0.5138  loss=7.31e-03  params=2,051  time=57.8s  NOT CONVERGED

[92/200 | global 183/400] relu | moving_blob | target=gradient | lr=0.001 | layers=2 | hidden=256 | frames=100
  -> rel_error=0.5122  loss=6.73e-03  params=2,051  time=57.8s  NOT CONVERGED

[93/200 | global 185/400] relu | moving_blob | target=gradient | lr=0.001 | layers=3 | hidden=256 | frames=100
  -> rel_error=0.1620  loss=9.00e-04  params=67,843  time=114.1s  NOT CONVERGED

[94/200 | global 187/400] relu | moving_blob | target=gradient | lr=0.001 | layers=5 | hidden=256 | frames=100
  -> rel_error=0.0345  loss=2.63e-05  params=199,427  time=224.7s  CONVERGED

[95/200 | global 189/400] relu | moving_blob | target=gradient | lr=0.001 | layers=7 | hidden=256 | frames=100
  -> rel_error=0.0264  loss=1.76e-05  params=331,011  time=335.8s  CONVERGED

[96/200 | global 191/400] siren | moving_blob | target=gradient | lr=0.001 | layers=1 | hidden=64 | frames=100 | omega=30.0
  -> rel_error=0.9746  loss=2.47e-02  params=15  time=9.8s  NOT CONVERGED

[97/200 | global 193/400] siren | moving_blob | target=gradient | lr=0.001 | layers=2 | hidden=64 | frames=100 | omega=30.0
  -> rel_error=0.4108  loss=4.11e-03  params=515  time=32.7s  NOT CONVERGED

[98/200 | global 195/400] siren | moving_blob | target=gradient | lr=0.001 | layers=3 | hidden=64 | frames=100 | omega=30.0
  -> rel_error=0.0432  loss=5.48e-05  params=4,675  time=57.3s  CONVERGED

[99/200 | global 197/400] siren | moving_blob | target=gradient | lr=0.001 | layers=5 | hidden=64 | frames=100 | omega=30.0
  -> rel_error=0.0157  loss=7.54e-06  params=12,995  time=105.8s  CONVERGED

[100/200 | global 199/400] siren | moving_blob | target=gradient | lr=0.001 | layers=7 | hidden=64 | frames=100 | omega=30.0
  -> rel_error=0.0142  loss=5.09e-06  params=21,315  time=154.8s  CONVERGED

[101/200 | global 201/400] siren | moving_blob | target=gradient | lr=0.001 | layers=1 | hidden=128 | frames=100 | omega=30.0
  -> rel_error=0.9679  loss=2.36e-02  params=15  time=9.8s  NOT CONVERGED

[102/200 | global 203/400] siren | moving_blob | target=gradient | lr=0.001 | layers=2 | hidden=128 | frames=100 | omega=30.0
  -> rel_error=0.3064  loss=2.24e-03  params=1,027  time=37.3s  NOT CONVERGED

[103/200 | global 205/400] siren | moving_blob | target=gradient | lr=0.001 | layers=3 | hidden=128 | frames=100 | omega=30.0
  -> rel_error=0.0210  loss=1.29e-05  params=17,539  time=68.1s  CONVERGED

[104/200 | global 207/400] siren | moving_blob | target=gradient | lr=0.001 | layers=5 | hidden=128 | frames=100 | omega=30.0
  -> rel_error=0.0134  loss=5.36e-06  params=50,563  time=130.3s  CONVERGED

[105/200 | global 209/400] siren | moving_blob | target=gradient | lr=0.001 | layers=7 | hidden=128 | frames=100 | omega=30.0
  -> rel_error=1.0000  loss=2.56e-02  params=83,587  time=194.8s  NOT CONVERGED

[106/200 | global 211/400] siren | moving_blob | target=gradient | lr=0.001 | layers=1 | hidden=256 | frames=100 | omega=30.0
  -> rel_error=0.9678  loss=2.47e-02  params=15  time=10.0s  NOT CONVERGED

[107/200 | global 213/400] siren | moving_blob | target=gradient | lr=0.001 | layers=2 | hidden=256 | frames=100 | omega=30.0
  -> rel_error=0.2286  loss=1.21e-03  params=2,051  time=65.3s  NOT CONVERGED

[108/200 | global 215/400] siren | moving_blob | target=gradient | lr=0.001 | layers=3 | hidden=256 | frames=100 | omega=30.0
  -> rel_error=0.0151  loss=6.04e-06  params=67,843  time=129.0s  CONVERGED

[109/200 | global 217/400] siren | moving_blob | target=gradient | lr=0.001 | layers=5 | hidden=256 | frames=100 | omega=30.0
  -> rel_error=0.0229  loss=1.34e-05  params=199,427  time=254.6s  CONVERGED

[110/200 | global 219/400] siren | moving_blob | target=gradient | lr=0.001 | layers=7 | hidden=256 | frames=100 | omega=30.0
  -> rel_error=1.0000  loss=2.53e-02  params=331,011  time=380.4s  NOT CONVERGED

[111/200 | global 221/400] relu | moving_pulsating | target=gradient | lr=0.001 | layers=1 | hidden=64 | frames=100
  -> rel_error=0.9006  loss=1.76e-04  params=515  time=30.9s  NOT CONVERGED

[112/200 | global 223/400] relu | moving_pulsating | target=gradient | lr=0.001 | layers=2 | hidden=64 | frames=100
  -> rel_error=0.8963  loss=1.28e-04  params=515  time=31.0s  NOT CONVERGED

[113/200 | global 225/400] relu | moving_pulsating | target=gradient | lr=0.001 | layers=3 | hidden=64 | frames=100
  -> rel_error=0.7607  loss=9.87e-05  params=4,675  time=53.6s  NOT CONVERGED

[114/200 | global 227/400] relu | moving_pulsating | target=gradient | lr=0.001 | layers=5 | hidden=64 | frames=100
  -> rel_error=0.3770  loss=6.23e-05  params=12,995  time=98.3s  NOT CONVERGED

[115/200 | global 229/400] relu | moving_pulsating | target=gradient | lr=0.001 | layers=7 | hidden=64 | frames=100
  -> rel_error=0.2533  loss=2.64e-05  params=21,315  time=143.8s  NOT CONVERGED

[116/200 | global 231/400] relu | moving_pulsating | target=gradient | lr=0.001 | layers=1 | hidden=128 | frames=100
  -> rel_error=0.8564  loss=1.96e-04  params=1,027  time=33.4s  NOT CONVERGED

[117/200 | global 233/400] relu | moving_pulsating | target=gradient | lr=0.001 | layers=2 | hidden=128 | frames=100
  -> rel_error=0.8804  loss=4.80e-04  params=1,027  time=33.4s  NOT CONVERGED

[118/200 | global 235/400] relu | moving_pulsating | target=gradient | lr=0.001 | layers=3 | hidden=128 | frames=100
  -> rel_error=0.6203  loss=7.96e-05  params=17,539  time=60.6s  NOT CONVERGED

[119/200 | global 237/400] relu | moving_pulsating | target=gradient | lr=0.001 | layers=5 | hidden=128 | frames=100
  -> rel_error=0.2327  loss=2.33e-05  params=50,563  time=115.0s  NOT CONVERGED

[120/200 | global 239/400] relu | moving_pulsating | target=gradient | lr=0.001 | layers=7 | hidden=128 | frames=100
  -> rel_error=0.1170  loss=2.62e-06  params=83,587  time=172.1s  NOT CONVERGED

[121/200 | global 241/400] relu | moving_pulsating | target=gradient | lr=0.001 | layers=1 | hidden=256 | frames=100
  -> rel_error=0.7799  loss=2.22e-04  params=2,051  time=57.9s  NOT CONVERGED

[122/200 | global 243/400] relu | moving_pulsating | target=gradient | lr=0.001 | layers=2 | hidden=256 | frames=100
  -> rel_error=0.8203  loss=1.89e-04  params=2,051  time=57.9s  NOT CONVERGED

[123/200 | global 245/400] relu | moving_pulsating | target=gradient | lr=0.001 | layers=3 | hidden=256 | frames=100
  -> rel_error=0.6101  loss=1.45e-04  params=67,843  time=114.1s  NOT CONVERGED

[124/200 | global 247/400] relu | moving_pulsating | target=gradient | lr=0.001 | layers=5 | hidden=256 | frames=100
  -> rel_error=0.1374  loss=7.84e-06  params=199,427  time=224.5s  NOT CONVERGED

[125/200 | global 249/400] relu | moving_pulsating | target=gradient | lr=0.001 | layers=7 | hidden=256 | frames=100
  -> rel_error=0.0596  loss=1.23e-06  params=331,011  time=335.0s  NOT CONVERGED

[126/200 | global 251/400] siren | moving_pulsating | target=gradient | lr=0.001 | layers=1 | hidden=64 | frames=100 | omega=30.0
  -> rel_error=1.0551  loss=5.60e-04  params=15  time=9.8s  NOT CONVERGED

[127/200 | global 253/400] siren | moving_pulsating | target=gradient | lr=0.001 | layers=2 | hidden=64 | frames=100 | omega=30.0
  -> rel_error=0.7725  loss=4.91e-04  params=515  time=32.5s  NOT CONVERGED

[128/200 | global 255/400] siren | moving_pulsating | target=gradient | lr=0.001 | layers=3 | hidden=64 | frames=100 | omega=30.0
  -> rel_error=0.3286  loss=5.77e-05  params=4,675  time=57.2s  NOT CONVERGED

[129/200 | global 257/400] siren | moving_pulsating | target=gradient | lr=0.001 | layers=5 | hidden=64 | frames=100 | omega=30.0
  -> rel_error=0.1553  loss=1.15e-05  params=12,995  time=105.8s  NOT CONVERGED

[130/200 | global 259/400] siren | moving_pulsating | target=gradient | lr=0.001 | layers=7 | hidden=64 | frames=100 | omega=30.0
  -> rel_error=0.1056  loss=1.36e-06  params=21,315  time=154.8s  NOT CONVERGED

[131/200 | global 261/400] siren | moving_pulsating | target=gradient | lr=0.001 | layers=1 | hidden=128 | frames=100 | omega=30.0
  -> rel_error=0.9897  loss=3.24e-04  params=15  time=10.0s  NOT CONVERGED

[132/200 | global 263/400] siren | moving_pulsating | target=gradient | lr=0.001 | layers=2 | hidden=128 | frames=100 | omega=30.0
  -> rel_error=0.7036  loss=2.27e-04  params=1,027  time=37.3s  NOT CONVERGED

[133/200 | global 265/400] siren | moving_pulsating | target=gradient | lr=0.001 | layers=3 | hidden=128 | frames=100 | omega=30.0
  -> rel_error=0.2444  loss=1.99e-05  params=17,539  time=68.1s  NOT CONVERGED

[134/200 | global 267/400] siren | moving_pulsating | target=gradient | lr=0.001 | layers=5 | hidden=128 | frames=100 | omega=30.0
  -> rel_error=0.1191  loss=1.74e-06  params=50,563  time=130.2s  NOT CONVERGED

[135/200 | global 269/400] siren | moving_pulsating | target=gradient | lr=0.001 | layers=7 | hidden=128 | frames=100 | omega=30.0
  -> rel_error=0.2603  loss=2.74e-05  params=83,587  time=194.6s  NOT CONVERGED

[136/200 | global 271/400] siren | moving_pulsating | target=gradient | lr=0.001 | layers=1 | hidden=256 | frames=100 | omega=30.0
  -> rel_error=1.0978  loss=4.56e-04  params=15  time=9.8s  NOT CONVERGED

[137/200 | global 273/400] siren | moving_pulsating | target=gradient | lr=0.001 | layers=2 | hidden=256 | frames=100 | omega=30.0
  -> rel_error=0.6671  loss=2.13e-04  params=2,051  time=65.4s  NOT CONVERGED

[138/200 | global 275/400] siren | moving_pulsating | target=gradient | lr=0.001 | layers=3 | hidden=256 | frames=100 | omega=30.0
  -> rel_error=0.1886  loss=1.09e-05  params=67,843  time=128.9s  NOT CONVERGED

[139/200 | global 277/400] siren | moving_pulsating | target=gradient | lr=0.001 | layers=5 | hidden=256 | frames=100 | omega=30.0
  -> rel_error=0.9999  loss=1.61e-04  params=199,427  time=254.3s  NOT CONVERGED

[140/200 | global 279/400] siren | moving_pulsating | target=gradient | lr=0.001 | layers=7 | hidden=256 | frames=100 | omega=30.0
  -> rel_error=1.0000  loss=2.98e-05  params=331,011  time=379.7s  NOT CONVERGED

[141/200 | global 281/400] relu | moving_small | target=gradient | lr=0.001 | layers=1 | hidden=64 | frames=100
  -> rel_error=1.0058  loss=1.70e-04  params=515  time=30.7s  NOT CONVERGED

[142/200 | global 283/400] relu | moving_small | target=gradient | lr=0.001 | layers=2 | hidden=64 | frames=100
  -> rel_error=1.0048  loss=1.78e-04  params=515  time=30.8s  NOT CONVERGED

[143/200 | global 285/400] relu | moving_small | target=gradient | lr=0.001 | layers=3 | hidden=64 | frames=100
  -> rel_error=0.9991  loss=2.31e-04  params=4,675  time=53.5s  NOT CONVERGED

[144/200 | global 287/400] relu | moving_small | target=gradient | lr=0.001 | layers=5 | hidden=64 | frames=100
  -> rel_error=0.9528  loss=1.90e-04  params=12,995  time=98.3s  NOT CONVERGED

[145/200 | global 289/400] relu | moving_small | target=gradient | lr=0.001 | layers=7 | hidden=64 | frames=100
  -> rel_error=0.9960  loss=2.34e-04  params=21,315  time=143.7s  NOT CONVERGED

[146/200 | global 291/400] relu | moving_small | target=gradient | lr=0.001 | layers=1 | hidden=128 | frames=100
  -> rel_error=1.0014  loss=2.24e-04  params=1,027  time=33.4s  NOT CONVERGED

[147/200 | global 293/400] relu | moving_small | target=gradient | lr=0.001 | layers=2 | hidden=128 | frames=100
  -> rel_error=1.0008  loss=1.90e-04  params=1,027  time=33.4s  NOT CONVERGED

[148/200 | global 295/400] relu | moving_small | target=gradient | lr=0.001 | layers=3 | hidden=128 | frames=100
  -> rel_error=0.9989  loss=1.68e-04  params=17,539  time=60.5s  NOT CONVERGED

[149/200 | global 297/400] relu | moving_small | target=gradient | lr=0.001 | layers=5 | hidden=128 | frames=100
  -> rel_error=0.8737  loss=1.36e-04  params=50,563  time=115.0s  NOT CONVERGED

[150/200 | global 299/400] relu | moving_small | target=gradient | lr=0.001 | layers=7 | hidden=128 | frames=100
  -> rel_error=0.2356  loss=1.47e-05  params=83,587  time=172.0s  NOT CONVERGED

[151/200 | global 301/400] relu | moving_small | target=gradient | lr=0.001 | layers=1 | hidden=256 | frames=100
  -> rel_error=1.0032  loss=1.58e-04  params=2,051  time=57.8s  NOT CONVERGED

[152/200 | global 303/400] relu | moving_small | target=gradient | lr=0.001 | layers=2 | hidden=256 | frames=100
  -> rel_error=1.0024  loss=2.19e-04  params=2,051  time=57.8s  NOT CONVERGED

[153/200 | global 305/400] relu | moving_small | target=gradient | lr=0.001 | layers=3 | hidden=256 | frames=100
  -> rel_error=0.9977  loss=2.33e-04  params=67,843  time=114.0s  NOT CONVERGED

[154/200 | global 307/400] relu | moving_small | target=gradient | lr=0.001 | layers=5 | hidden=256 | frames=100
  -> rel_error=0.1483  loss=4.96e-06  params=199,427  time=224.5s  NOT CONVERGED

[155/200 | global 309/400] relu | moving_small | target=gradient | lr=0.001 | layers=7 | hidden=256 | frames=100
  -> rel_error=0.0790  loss=1.37e-06  params=331,011  time=335.0s  NOT CONVERGED

[156/200 | global 311/400] siren | moving_small | target=gradient | lr=0.001 | layers=1 | hidden=64 | frames=100 | omega=30.0
  -> rel_error=1.0000  loss=1.78e-04  params=15  time=9.7s  NOT CONVERGED

[157/200 | global 313/400] siren | moving_small | target=gradient | lr=0.001 | layers=2 | hidden=64 | frames=100 | omega=30.0
  -> rel_error=0.9996  loss=2.28e-04  params=515  time=32.6s  NOT CONVERGED

[158/200 | global 315/400] siren | moving_small | target=gradient | lr=0.001 | layers=3 | hidden=64 | frames=100 | omega=30.0
  -> rel_error=0.6041  loss=8.08e-05  params=4,675  time=57.2s  NOT CONVERGED

[159/200 | global 317/400] siren | moving_small | target=gradient | lr=0.001 | layers=5 | hidden=64 | frames=100 | omega=30.0
  -> rel_error=0.3847  loss=2.79e-05  params=12,995  time=105.7s  NOT CONVERGED

[160/200 | global 319/400] siren | moving_small | target=gradient | lr=0.001 | layers=7 | hidden=64 | frames=100 | omega=30.0
  -> rel_error=1.0000  loss=2.31e-04  params=21,315  time=154.8s  NOT CONVERGED

[161/200 | global 321/400] siren | moving_small | target=gradient | lr=0.001 | layers=1 | hidden=128 | frames=100 | omega=30.0
  -> rel_error=1.0070  loss=1.97e-04  params=15  time=9.9s  NOT CONVERGED

[162/200 | global 323/400] siren | moving_small | target=gradient | lr=0.001 | layers=2 | hidden=128 | frames=100 | omega=30.0
  -> rel_error=0.9991  loss=2.10e-04  params=1,027  time=37.2s  NOT CONVERGED

[163/200 | global 325/400] siren | moving_small | target=gradient | lr=0.001 | layers=3 | hidden=128 | frames=100 | omega=30.0
  -> rel_error=0.4993  loss=5.81e-05  params=17,539  time=68.1s  NOT CONVERGED

[164/200 | global 327/400] siren | moving_small | target=gradient | lr=0.001 | layers=5 | hidden=128 | frames=100 | omega=30.0
  -> rel_error=0.9519  loss=1.67e-04  params=50,563  time=130.1s  NOT CONVERGED

[165/200 | global 329/400] siren | moving_small | target=gradient | lr=0.001 | layers=7 | hidden=128 | frames=100 | omega=30.0
  -> rel_error=1.0003  loss=2.19e-04  params=83,587  time=194.6s  NOT CONVERGED

[166/200 | global 331/400] siren | moving_small | target=gradient | lr=0.001 | layers=1 | hidden=256 | frames=100 | omega=30.0
  -> rel_error=1.0094  loss=1.80e-04  params=15  time=10.0s  NOT CONVERGED

[167/200 | global 333/400] siren | moving_small | target=gradient | lr=0.001 | layers=2 | hidden=256 | frames=100 | omega=30.0
  -> rel_error=0.9981  loss=2.52e-04  params=2,051  time=65.4s  NOT CONVERGED

[168/200 | global 335/400] siren | moving_small | target=gradient | lr=0.001 | layers=3 | hidden=256 | frames=100 | omega=30.0
  -> rel_error=0.4155  loss=3.42e-05  params=67,843  time=128.9s  NOT CONVERGED

[169/200 | global 337/400] siren | moving_small | target=gradient | lr=0.001 | layers=5 | hidden=256 | frames=100 | omega=30.0
  -> rel_error=0.9345  loss=1.85e-04  params=199,427  time=254.5s  NOT CONVERGED

[170/200 | global 339/400] siren | moving_small | target=gradient | lr=0.001 | layers=7 | hidden=256 | frames=100 | omega=30.0
  -> rel_error=1.0000  loss=2.19e-04  params=331,011  time=379.9s  NOT CONVERGED

[171/200 | global 341/400] relu | multi_small_orbit | target=gradient | lr=0.001 | layers=1 | hidden=64 | frames=100
  -> rel_error=1.0015  loss=4.03e-04  params=515  time=30.7s  NOT CONVERGED

[172/200 | global 343/400] relu | multi_small_orbit | target=gradient | lr=0.001 | layers=2 | hidden=64 | frames=100
  -> rel_error=1.0009  loss=3.74e-04  params=515  time=30.8s  NOT CONVERGED

[173/200 | global 345/400] relu | multi_small_orbit | target=gradient | lr=0.001 | layers=3 | hidden=64 | frames=100
  -> rel_error=0.9992  loss=3.25e-04  params=4,675  time=53.6s  NOT CONVERGED

[174/200 | global 347/400] relu | multi_small_orbit | target=gradient | lr=0.001 | layers=5 | hidden=64 | frames=100
  -> rel_error=0.9941  loss=4.26e-04  params=12,995  time=98.3s  NOT CONVERGED

[175/200 | global 349/400] relu | multi_small_orbit | target=gradient | lr=0.001 | layers=7 | hidden=64 | frames=100
  -> rel_error=0.9396  loss=3.59e-04  params=21,315  time=143.8s  NOT CONVERGED

[176/200 | global 351/400] relu | multi_small_orbit | target=gradient | lr=0.001 | layers=1 | hidden=128 | frames=100
  -> rel_error=1.0015  loss=4.55e-04  params=1,027  time=33.4s  NOT CONVERGED

[177/200 | global 353/400] relu | multi_small_orbit | target=gradient | lr=0.001 | layers=2 | hidden=128 | frames=100
  -> rel_error=1.0017  loss=4.24e-04  params=1,027  time=33.4s  NOT CONVERGED

[178/200 | global 355/400] relu | multi_small_orbit | target=gradient | lr=0.001 | layers=3 | hidden=128 | frames=100
  -> rel_error=0.9982  loss=3.64e-04  params=17,539  time=60.6s  NOT CONVERGED

[179/200 | global 357/400] relu | multi_small_orbit | target=gradient | lr=0.001 | layers=5 | hidden=128 | frames=100
  -> rel_error=0.9323  loss=3.98e-04  params=50,563  time=115.0s  NOT CONVERGED

[180/200 | global 359/400] relu | multi_small_orbit | target=gradient | lr=0.001 | layers=7 | hidden=128 | frames=100
  -> rel_error=0.8534  loss=3.35e-04  params=83,587  time=172.1s  NOT CONVERGED

[181/200 | global 361/400] relu | multi_small_orbit | target=gradient | lr=0.001 | layers=1 | hidden=256 | frames=100
  -> rel_error=1.0021  loss=4.05e-04  params=2,051  time=57.8s  NOT CONVERGED

[182/200 | global 363/400] relu | multi_small_orbit | target=gradient | lr=0.001 | layers=2 | hidden=256 | frames=100
  -> rel_error=1.0008  loss=3.36e-04  params=2,051  time=57.8s  NOT CONVERGED

[183/200 | global 365/400] relu | multi_small_orbit | target=gradient | lr=0.001 | layers=3 | hidden=256 | frames=100
  -> rel_error=0.9958  loss=3.46e-04  params=67,843  time=114.1s  NOT CONVERGED

[184/200 | global 367/400] relu | multi_small_orbit | target=gradient | lr=0.001 | layers=5 | hidden=256 | frames=100
  -> rel_error=0.6112  loss=1.37e-04  params=199,427  time=224.5s  NOT CONVERGED

[185/200 | global 369/400] relu | multi_small_orbit | target=gradient | lr=0.001 | layers=7 | hidden=256 | frames=100
  -> rel_error=0.3624  loss=6.39e-05  params=331,011  time=334.9s  NOT CONVERGED

[186/200 | global 371/400] siren | multi_small_orbit | target=gradient | lr=0.001 | layers=1 | hidden=64 | frames=100 | omega=30.0
  -> rel_error=1.0001  loss=3.84e-04  params=15  time=10.0s  NOT CONVERGED

[187/200 | global 373/400] siren | multi_small_orbit | target=gradient | lr=0.001 | layers=2 | hidden=64 | frames=100 | omega=30.0
  -> rel_error=0.9991  loss=3.76e-04  params=515  time=32.7s  NOT CONVERGED

[188/200 | global 375/400] siren | multi_small_orbit | target=gradient | lr=0.001 | layers=3 | hidden=64 | frames=100 | omega=30.0
  -> rel_error=0.9180  loss=3.29e-04  params=4,675  time=57.2s  NOT CONVERGED

[189/200 | global 377/400] siren | multi_small_orbit | target=gradient | lr=0.001 | layers=5 | hidden=64 | frames=100 | omega=30.0
  -> rel_error=0.1108  loss=4.88e-06  params=12,995  time=105.8s  NOT CONVERGED

[190/200 | global 379/400] siren | multi_small_orbit | target=gradient | lr=0.001 | layers=7 | hidden=64 | frames=100 | omega=30.0
  -> rel_error=1.0000  loss=3.85e-04  params=21,315  time=154.8s  NOT CONVERGED

[191/200 | global 381/400] siren | multi_small_orbit | target=gradient | lr=0.001 | layers=1 | hidden=128 | frames=100 | omega=30.0
  -> rel_error=1.0060  loss=4.07e-04  params=15  time=10.0s  NOT CONVERGED

[192/200 | global 383/400] siren | multi_small_orbit | target=gradient | lr=0.001 | layers=2 | hidden=128 | frames=100 | omega=30.0
  -> rel_error=0.9986  loss=3.82e-04  params=1,027  time=37.3s  NOT CONVERGED

[193/200 | global 385/400] siren | multi_small_orbit | target=gradient | lr=0.001 | layers=3 | hidden=128 | frames=100 | omega=30.0
  -> rel_error=0.7880  loss=2.48e-04  params=17,539  time=68.1s  NOT CONVERGED

[194/200 | global 387/400] siren | multi_small_orbit | target=gradient | lr=0.001 | layers=5 | hidden=128 | frames=100 | omega=30.0
  -> rel_error=0.3297  loss=3.70e-05  params=50,563  time=130.2s  NOT CONVERGED

[195/200 | global 389/400] siren | multi_small_orbit | target=gradient | lr=0.001 | layers=7 | hidden=128 | frames=100 | omega=30.0
  -> rel_error=1.0000  loss=4.33e-04  params=83,587  time=194.7s  NOT CONVERGED

[196/200 | global 391/400] siren | multi_small_orbit | target=gradient | lr=0.001 | layers=1 | hidden=256 | frames=100 | omega=30.0
  -> rel_error=1.0044  loss=4.04e-04  params=15  time=10.0s  NOT CONVERGED

[197/200 | global 393/400] siren | multi_small_orbit | target=gradient | lr=0.001 | layers=2 | hidden=256 | frames=100 | omega=30.0
  -> rel_error=0.9977  loss=3.68e-04  params=2,051  time=65.4s  NOT CONVERGED

[198/200 | global 395/400] siren | multi_small_orbit | target=gradient | lr=0.001 | layers=3 | hidden=256 | frames=100 | omega=30.0
  -> rel_error=0.6325  loss=1.46e-04  params=67,843  time=128.8s  NOT CONVERGED

[199/200 | global 397/400] siren | multi_small_orbit | target=gradient | lr=0.001 | layers=5 | hidden=256 | frames=100 | omega=30.0
  -> rel_error=0.6259  loss=1.46e-04  params=199,427  time=253.7s  NOT CONVERGED

[200/200 | global 399/400] siren | multi_small_orbit | target=gradient | lr=0.001 | layers=7 | hidden=256 | frames=100 | omega=30.0
  -> rel_error=1.0000  loss=4.21e-04  params=331,011  time=380.3s  NOT CONVERGED

Worker 0 results saved to results/field_sweep_dynamic_h32/sweep_results_worker0.npz

Summary: 19/200 converged (rel_error < 0.05)
