Sender: LSF System <lsfadmin@h11u16>
Subject: Job 149183297: <field_sweep_w1> in cluster <Janelia> Done

Job <field_sweep_w1> was submitted from host <e02u30> by user <liuj4> in cluster <Janelia> at Thu Apr  2 18:33:44 2026
Job was executed on host(s) <2*h11u16>, in queue <gpu_a100>, as user <liuj4> in cluster <Janelia> at Thu Apr  2 18:33:45 2026
</groups/jingyiliu/home/liuj4> was used as the home directory.
</groups/jingyiliu/home/liuj4/cell-gnn> was used as the working directory.
Started at Thu Apr  2 18:33:45 2026
Terminated at Thu Apr  2 23:59:19 2026
Results reported at Thu Apr  2 23:59:19 2026

Your job looked like:

------------------------------------------------------------
# LSBATCH: User input
python -m cell_gnn.experiments.field_learning_sweep_dynamic             --device cuda:0 --n_workers 2 --worker_id 1
------------------------------------------------------------

Successfully completed.

Resource usage summary:

    CPU time :                                   19424.24 sec.
    Max Memory :                                 1166 MB
    Average Memory :                             950.88 MB
    Total Requested Memory :                     81920.00 MB
    Delta Memory :                               80754.00 MB
    Max Swap :                                   -
    Max Processes :                              3
    Max Threads :                                8
    Run time :                                   19532 sec.
    Turnaround time :                            19535 sec.

The output (if any) follows:

Total experiments: 384
Worker 1/2: running 192 experiments
Device: cuda:0
Output: results/field_sweep_dynamic_h64

[1/192 | global 2/384] relu | moving_blob | target=scalar | lr=0.0001 | layers=5 | hidden=64 | frames=100
  -> rel_error=0.1178  loss=3.27e-04  params=12,865  time=95.2s  NOT CONVERGED

[2/192 | global 4/384] relu | moving_blob | target=scalar | lr=0.0005 | layers=5 | hidden=64 | frames=100
  -> rel_error=0.0779  loss=1.00e-04  params=12,865  time=94.0s  NOT CONVERGED

[3/192 | global 6/384] relu | moving_blob | target=scalar | lr=0.001 | layers=5 | hidden=64 | frames=100
  -> rel_error=0.0539  loss=5.14e-05  params=12,865  time=94.0s  NOT CONVERGED

[4/192 | global 8/384] relu | moving_blob | target=scalar | lr=0.003 | layers=5 | hidden=64 | frames=100
  -> rel_error=0.0572  loss=5.85e-05  params=12,865  time=94.0s  NOT CONVERGED

[5/192 | global 10/384] tanh | moving_blob | target=scalar | lr=0.0001 | layers=5 | hidden=64 | frames=100
  -> rel_error=0.7842  loss=1.16e-02  params=12,865  time=94.0s  NOT CONVERGED

[6/192 | global 12/384] tanh | moving_blob | target=scalar | lr=0.0005 | layers=5 | hidden=64 | frames=100
  -> rel_error=0.6443  loss=7.91e-03  params=12,865  time=94.0s  NOT CONVERGED

[7/192 | global 14/384] tanh | moving_blob | target=scalar | lr=0.001 | layers=5 | hidden=64 | frames=100
  -> rel_error=0.4231  loss=2.83e-03  params=12,865  time=94.0s  NOT CONVERGED

[8/192 | global 16/384] tanh | moving_blob | target=scalar | lr=0.003 | layers=5 | hidden=64 | frames=100
  -> rel_error=0.3717  loss=1.71e-03  params=12,865  time=93.9s  NOT CONVERGED

[9/192 | global 18/384] gelu | moving_blob | target=scalar | lr=0.0001 | layers=5 | hidden=64 | frames=100
  -> rel_error=0.7817  loss=1.18e-02  params=12,865  time=94.1s  NOT CONVERGED

[10/192 | global 20/384] gelu | moving_blob | target=scalar | lr=0.0005 | layers=5 | hidden=64 | frames=100
  -> rel_error=0.6164  loss=7.63e-03  params=12,865  time=94.0s  NOT CONVERGED

[11/192 | global 22/384] gelu | moving_blob | target=scalar | lr=0.001 | layers=5 | hidden=64 | frames=100
  -> rel_error=0.2876  loss=1.16e-03  params=12,865  time=94.0s  NOT CONVERGED

[12/192 | global 24/384] gelu | moving_blob | target=scalar | lr=0.003 | layers=5 | hidden=64 | frames=100
  -> rel_error=0.0573  loss=4.50e-05  params=12,865  time=94.0s  NOT CONVERGED

[13/192 | global 26/384] siren | moving_blob | target=gradient | lr=0.0001 | layers=5 | hidden=64 | frames=100 | omega=60.0
  -> rel_error=0.0500  loss=6.28e-05  params=12,995  time=104.3s  NOT CONVERGED

[14/192 | global 28/384] siren | moving_blob | target=scalar | lr=0.0001 | layers=5 | hidden=64 | frames=100 | omega=60.0
  -> rel_error=0.0251  loss=1.35e-05  params=12,865  time=101.3s  CONVERGED

[15/192 | global 30/384] siren | moving_blob | target=gradient | lr=0.0005 | layers=5 | hidden=64 | frames=100 | omega=60.0
  -> rel_error=0.0278  loss=1.85e-05  params=12,995  time=104.3s  CONVERGED

[16/192 | global 32/384] siren | moving_blob | target=scalar | lr=0.0005 | layers=5 | hidden=64 | frames=100 | omega=60.0
  -> rel_error=0.0210  loss=7.44e-06  params=12,865  time=101.3s  CONVERGED

[17/192 | global 34/384] siren | moving_blob | target=gradient | lr=0.001 | layers=5 | hidden=64 | frames=100 | omega=60.0
  -> rel_error=0.0633  loss=1.03e-04  params=12,995  time=104.4s  NOT CONVERGED

[18/192 | global 36/384] siren | moving_blob | target=scalar | lr=0.001 | layers=5 | hidden=64 | frames=100 | omega=60.0
  -> rel_error=0.0128  loss=2.89e-06  params=12,865  time=101.4s  CONVERGED

[19/192 | global 38/384] siren | moving_blob | target=gradient | lr=0.003 | layers=5 | hidden=64 | frames=100 | omega=60.0
  -> rel_error=1.0000  loss=2.54e-02  params=12,995  time=104.4s  NOT CONVERGED

[20/192 | global 40/384] siren | moving_blob | target=scalar | lr=0.003 | layers=5 | hidden=64 | frames=100 | omega=60.0
  -> rel_error=0.9222  loss=1.67e-02  params=12,865  time=101.4s  NOT CONVERGED

[21/192 | global 42/384] relu | moving_pulsating | target=scalar | lr=0.0001 | layers=5 | hidden=64 | frames=100
  -> rel_error=0.4989  loss=1.53e-03  params=12,865  time=94.0s  NOT CONVERGED

[22/192 | global 44/384] relu | moving_pulsating | target=scalar | lr=0.0005 | layers=5 | hidden=64 | frames=100
  -> rel_error=0.1693  loss=9.89e-05  params=12,865  time=94.1s  NOT CONVERGED

[23/192 | global 46/384] relu | moving_pulsating | target=scalar | lr=0.001 | layers=5 | hidden=64 | frames=100
  -> rel_error=0.0945  loss=3.69e-05  params=12,865  time=94.1s  NOT CONVERGED

[24/192 | global 48/384] relu | moving_pulsating | target=scalar | lr=0.003 | layers=5 | hidden=64 | frames=100
  -> rel_error=0.0870  loss=1.65e-05  params=12,865  time=94.0s  NOT CONVERGED

[25/192 | global 50/384] tanh | moving_pulsating | target=scalar | lr=0.0001 | layers=5 | hidden=64 | frames=100
  -> rel_error=0.9422  loss=1.74e-03  params=12,865  time=94.0s  NOT CONVERGED

[26/192 | global 52/384] tanh | moving_pulsating | target=scalar | lr=0.0005 | layers=5 | hidden=64 | frames=100
  -> rel_error=0.8937  loss=3.32e-03  params=12,865  time=93.9s  NOT CONVERGED

[27/192 | global 54/384] tanh | moving_pulsating | target=scalar | lr=0.001 | layers=5 | hidden=64 | frames=100
  -> rel_error=0.9016  loss=5.71e-03  params=12,865  time=94.0s  NOT CONVERGED

[28/192 | global 56/384] tanh | moving_pulsating | target=scalar | lr=0.003 | layers=5 | hidden=64 | frames=100
  -> rel_error=0.4955  loss=1.59e-03  params=12,865  time=94.0s  NOT CONVERGED

[29/192 | global 58/384] gelu | moving_pulsating | target=scalar | lr=0.0001 | layers=5 | hidden=64 | frames=100
  -> rel_error=0.9249  loss=4.61e-03  params=12,865  time=94.0s  NOT CONVERGED

[30/192 | global 60/384] gelu | moving_pulsating | target=scalar | lr=0.0005 | layers=5 | hidden=64 | frames=100
  -> rel_error=0.8932  loss=1.87e-03  params=12,865  time=94.0s  NOT CONVERGED

[31/192 | global 62/384] gelu | moving_pulsating | target=scalar | lr=0.001 | layers=5 | hidden=64 | frames=100
  -> rel_error=0.7207  loss=7.04e-04  params=12,865  time=94.0s  NOT CONVERGED

[32/192 | global 64/384] gelu | moving_pulsating | target=scalar | lr=0.003 | layers=5 | hidden=64 | frames=100
  -> rel_error=0.1313  loss=3.71e-05  params=12,865  time=94.0s  NOT CONVERGED

[33/192 | global 66/384] siren | moving_pulsating | target=gradient | lr=0.0001 | layers=5 | hidden=64 | frames=100 | omega=60.0
  -> rel_error=0.1481  loss=1.18e-05  params=12,995  time=104.3s  NOT CONVERGED

[34/192 | global 68/384] siren | moving_pulsating | target=scalar | lr=0.0001 | layers=5 | hidden=64 | frames=100 | omega=60.0
  -> rel_error=0.0485  loss=9.14e-06  params=12,865  time=101.3s  CONVERGED

[35/192 | global 70/384] siren | moving_pulsating | target=gradient | lr=0.0005 | layers=5 | hidden=64 | frames=100 | omega=60.0
  -> rel_error=0.1453  loss=5.96e-06  params=12,995  time=104.3s  NOT CONVERGED

[36/192 | global 72/384] siren | moving_pulsating | target=scalar | lr=0.0005 | layers=5 | hidden=64 | frames=100 | omega=60.0
  -> rel_error=0.0940  loss=2.18e-05  params=12,865  time=101.3s  NOT CONVERGED

[37/192 | global 74/384] siren | moving_pulsating | target=gradient | lr=0.001 | layers=5 | hidden=64 | frames=100 | omega=60.0
  -> rel_error=0.2098  loss=9.04e-06  params=12,995  time=104.4s  NOT CONVERGED

[38/192 | global 76/384] siren | moving_pulsating | target=scalar | lr=0.001 | layers=5 | hidden=64 | frames=100 | omega=60.0
  -> rel_error=0.9674  loss=6.69e-03  params=12,865  time=101.4s  NOT CONVERGED

[39/192 | global 78/384] siren | moving_pulsating | target=gradient | lr=0.003 | layers=5 | hidden=64 | frames=100 | omega=60.0
  -> rel_error=1.0000  loss=4.46e-04  params=12,995  time=104.4s  NOT CONVERGED

[40/192 | global 80/384] siren | moving_pulsating | target=scalar | lr=0.003 | layers=5 | hidden=64 | frames=100 | omega=60.0
  -> rel_error=0.9674  loss=1.92e-03  params=12,865  time=101.4s  NOT CONVERGED

[41/192 | global 82/384] relu | moving_small | target=scalar | lr=0.0001 | layers=5 | hidden=64 | frames=100
  -> rel_error=0.9924  loss=1.43e-04  params=12,865  time=94.1s  NOT CONVERGED

[42/192 | global 84/384] relu | moving_small | target=scalar | lr=0.0005 | layers=5 | hidden=64 | frames=100
  -> rel_error=0.4015  loss=1.83e-05  params=12,865  time=94.1s  NOT CONVERGED

[43/192 | global 86/384] relu | moving_small | target=scalar | lr=0.001 | layers=5 | hidden=64 | frames=100
  -> rel_error=0.3807  loss=1.96e-05  params=12,865  time=94.0s  NOT CONVERGED

[44/192 | global 88/384] relu | moving_small | target=scalar | lr=0.003 | layers=5 | hidden=64 | frames=100
  -> rel_error=0.3722  loss=1.12e-05  params=12,865  time=93.9s  NOT CONVERGED

[45/192 | global 90/384] tanh | moving_small | target=scalar | lr=0.0001 | layers=5 | hidden=64 | frames=100
  -> rel_error=0.9979  loss=1.05e-04  params=12,865  time=94.0s  NOT CONVERGED

[46/192 | global 92/384] tanh | moving_small | target=scalar | lr=0.0005 | layers=5 | hidden=64 | frames=100
  -> rel_error=0.9976  loss=1.51e-04  params=12,865  time=94.0s  NOT CONVERGED

[47/192 | global 94/384] tanh | moving_small | target=scalar | lr=0.001 | layers=5 | hidden=64 | frames=100
  -> rel_error=0.9977  loss=1.38e-04  params=12,865  time=94.0s  NOT CONVERGED

[48/192 | global 96/384] tanh | moving_small | target=scalar | lr=0.003 | layers=5 | hidden=64 | frames=100
  -> rel_error=0.9977  loss=1.63e-04  params=12,865  time=93.9s  NOT CONVERGED

[49/192 | global 98/384] gelu | moving_small | target=scalar | lr=0.0001 | layers=5 | hidden=64 | frames=100
  -> rel_error=0.9978  loss=1.54e-04  params=12,865  time=94.0s  NOT CONVERGED

[50/192 | global 100/384] gelu | moving_small | target=scalar | lr=0.0005 | layers=5 | hidden=64 | frames=100
  -> rel_error=0.9978  loss=1.66e-04  params=12,865  time=94.0s  NOT CONVERGED

[51/192 | global 102/384] gelu | moving_small | target=scalar | lr=0.001 | layers=5 | hidden=64 | frames=100
  -> rel_error=0.9977  loss=1.31e-04  params=12,865  time=94.0s  NOT CONVERGED

[52/192 | global 104/384] gelu | moving_small | target=scalar | lr=0.003 | layers=5 | hidden=64 | frames=100
  -> rel_error=0.9977  loss=1.62e-04  params=12,865  time=94.0s  NOT CONVERGED

[53/192 | global 106/384] siren | moving_small | target=gradient | lr=0.0001 | layers=5 | hidden=64 | frames=100 | omega=60.0
  -> rel_error=0.1883  loss=6.16e-06  params=12,995  time=104.3s  NOT CONVERGED

[54/192 | global 108/384] siren | moving_small | target=scalar | lr=0.0001 | layers=5 | hidden=64 | frames=100 | omega=60.0
  -> rel_error=0.1431  loss=2.98e-06  params=12,865  time=101.3s  NOT CONVERGED

[55/192 | global 110/384] siren | moving_small | target=gradient | lr=0.0005 | layers=5 | hidden=64 | frames=100 | omega=60.0
  -> rel_error=0.7499  loss=1.17e-04  params=12,995  time=104.4s  NOT CONVERGED

[56/192 | global 112/384] siren | moving_small | target=scalar | lr=0.0005 | layers=5 | hidden=64 | frames=100 | omega=60.0
  -> rel_error=0.1801  loss=4.20e-06  params=12,865  time=101.4s  NOT CONVERGED

[57/192 | global 114/384] siren | moving_small | target=gradient | lr=0.001 | layers=5 | hidden=64 | frames=100 | omega=60.0
  -> rel_error=1.0000  loss=2.17e-04  params=12,995  time=104.4s  NOT CONVERGED

[58/192 | global 116/384] siren | moving_small | target=scalar | lr=0.001 | layers=5 | hidden=64 | frames=100 | omega=60.0
  -> rel_error=0.3304  loss=3.59e-06  params=12,865  time=101.4s  NOT CONVERGED

[59/192 | global 118/384] siren | moving_small | target=gradient | lr=0.003 | layers=5 | hidden=64 | frames=100 | omega=60.0
  -> rel_error=1.0000  loss=1.97e-04  params=12,995  time=104.4s  NOT CONVERGED

[60/192 | global 120/384] siren | moving_small | target=scalar | lr=0.003 | layers=5 | hidden=64 | frames=100 | omega=60.0
  -> rel_error=0.9994  loss=2.48e-04  params=12,865  time=101.4s  NOT CONVERGED

[61/192 | global 122/384] relu | multi_small_orbit | target=scalar | lr=0.0001 | layers=5 | hidden=64 | frames=100
  -> rel_error=0.9303  loss=2.67e-04  params=12,865  time=94.0s  NOT CONVERGED

[62/192 | global 124/384] relu | multi_small_orbit | target=scalar | lr=0.0005 | layers=5 | hidden=64 | frames=100
  -> rel_error=0.6914  loss=1.61e-04  params=12,865  time=94.0s  NOT CONVERGED

[63/192 | global 126/384] relu | multi_small_orbit | target=scalar | lr=0.001 | layers=5 | hidden=64 | frames=100
  -> rel_error=0.7130  loss=1.75e-04  params=12,865  time=94.0s  NOT CONVERGED

[64/192 | global 128/384] relu | multi_small_orbit | target=scalar | lr=0.003 | layers=5 | hidden=64 | frames=100
  -> rel_error=0.6368  loss=1.26e-04  params=12,865  time=94.0s  NOT CONVERGED

[65/192 | global 130/384] tanh | multi_small_orbit | target=scalar | lr=0.0001 | layers=5 | hidden=64 | frames=100
  -> rel_error=0.9939  loss=2.49e-04  params=12,865  time=94.0s  NOT CONVERGED

[66/192 | global 132/384] tanh | multi_small_orbit | target=scalar | lr=0.0005 | layers=5 | hidden=64 | frames=100
  -> rel_error=0.9937  loss=2.80e-04  params=12,865  time=93.9s  NOT CONVERGED

[67/192 | global 134/384] tanh | multi_small_orbit | target=scalar | lr=0.001 | layers=5 | hidden=64 | frames=100
  -> rel_error=0.9937  loss=3.00e-04  params=12,865  time=93.9s  NOT CONVERGED

[68/192 | global 136/384] tanh | multi_small_orbit | target=scalar | lr=0.003 | layers=5 | hidden=64 | frames=100
  -> rel_error=0.9936  loss=2.80e-04  params=12,865  time=94.0s  NOT CONVERGED

[69/192 | global 138/384] gelu | multi_small_orbit | target=scalar | lr=0.0001 | layers=5 | hidden=64 | frames=100
  -> rel_error=0.9955  loss=3.01e-04  params=12,865  time=94.0s  NOT CONVERGED

[70/192 | global 140/384] gelu | multi_small_orbit | target=scalar | lr=0.0005 | layers=5 | hidden=64 | frames=100
  -> rel_error=0.9940  loss=2.45e-04  params=12,865  time=94.0s  NOT CONVERGED

[71/192 | global 142/384] gelu | multi_small_orbit | target=scalar | lr=0.001 | layers=5 | hidden=64 | frames=100
  -> rel_error=0.9938  loss=3.08e-04  params=12,865  time=94.0s  NOT CONVERGED

[72/192 | global 144/384] gelu | multi_small_orbit | target=scalar | lr=0.003 | layers=5 | hidden=64 | frames=100
  -> rel_error=0.9791  loss=2.89e-04  params=12,865  time=94.0s  NOT CONVERGED

[73/192 | global 146/384] siren | multi_small_orbit | target=gradient | lr=0.0001 | layers=5 | hidden=64 | frames=100 | omega=60.0
  -> rel_error=0.2162  loss=1.99e-05  params=12,995  time=104.4s  NOT CONVERGED

[74/192 | global 148/384] siren | multi_small_orbit | target=scalar | lr=0.0001 | layers=5 | hidden=64 | frames=100 | omega=60.0
  -> rel_error=0.1087  loss=2.12e-06  params=12,865  time=101.4s  NOT CONVERGED

[75/192 | global 150/384] siren | multi_small_orbit | target=gradient | lr=0.0005 | layers=5 | hidden=64 | frames=100 | omega=60.0
  -> rel_error=0.6194  loss=1.38e-04  params=12,995  time=104.4s  NOT CONVERGED

[76/192 | global 152/384] siren | multi_small_orbit | target=scalar | lr=0.0005 | layers=5 | hidden=64 | frames=100 | omega=60.0
  -> rel_error=0.9981  loss=2.82e-04  params=12,865  time=101.4s  NOT CONVERGED

[77/192 | global 154/384] siren | multi_small_orbit | target=gradient | lr=0.001 | layers=5 | hidden=64 | frames=100 | omega=60.0
  -> rel_error=0.6740  loss=1.76e-04  params=12,995  time=104.4s  NOT CONVERGED

[78/192 | global 156/384] siren | multi_small_orbit | target=scalar | lr=0.001 | layers=5 | hidden=64 | frames=100 | omega=60.0
  -> rel_error=0.9983  loss=2.81e-04  params=12,865  time=101.4s  NOT CONVERGED

[79/192 | global 158/384] siren | multi_small_orbit | target=gradient | lr=0.003 | layers=5 | hidden=64 | frames=100 | omega=60.0
  -> rel_error=1.0000  loss=4.40e-04  params=12,995  time=104.4s  NOT CONVERGED

[80/192 | global 160/384] siren | multi_small_orbit | target=scalar | lr=0.003 | layers=5 | hidden=64 | frames=100 | omega=60.0
  -> rel_error=0.9983  loss=2.33e-04  params=12,865  time=101.4s  NOT CONVERGED

[81/192 | global 162/384] relu | moving_blob | target=scalar | lr=0.001 | layers=1 | hidden=64 | frames=100
  -> rel_error=0.5567  loss=5.38e-03  params=385  time=27.4s  NOT CONVERGED

[82/192 | global 164/384] relu | moving_blob | target=scalar | lr=0.001 | layers=2 | hidden=64 | frames=100
  -> rel_error=0.5856  loss=7.70e-03  params=385  time=27.4s  NOT CONVERGED

[83/192 | global 166/384] relu | moving_blob | target=scalar | lr=0.001 | layers=3 | hidden=64 | frames=100
  -> rel_error=0.1537  loss=4.07e-04  params=4,545  time=49.3s  NOT CONVERGED

[84/192 | global 168/384] relu | moving_blob | target=scalar | lr=0.001 | layers=7 | hidden=64 | frames=100
  -> rel_error=0.0632  loss=7.04e-05  params=21,185  time=139.5s  NOT CONVERGED

[85/192 | global 170/384] relu | moving_blob | target=scalar | lr=0.001 | layers=1 | hidden=128 | frames=100
  -> rel_error=0.4230  loss=3.52e-03  params=769  time=30.5s  NOT CONVERGED

[86/192 | global 172/384] relu | moving_blob | target=scalar | lr=0.001 | layers=2 | hidden=128 | frames=100
  -> rel_error=0.4679  loss=4.12e-03  params=769  time=30.4s  NOT CONVERGED

[87/192 | global 174/384] relu | moving_blob | target=scalar | lr=0.001 | layers=3 | hidden=128 | frames=100
  -> rel_error=0.1527  loss=4.90e-04  params=17,281  time=57.6s  NOT CONVERGED

[88/192 | global 176/384] relu | moving_blob | target=scalar | lr=0.001 | layers=5 | hidden=128 | frames=100
  -> rel_error=0.0300  loss=1.76e-05  params=50,305  time=112.6s  CONVERGED

[89/192 | global 178/384] relu | moving_blob | target=scalar | lr=0.001 | layers=7 | hidden=128 | frames=100
  -> rel_error=0.0356  loss=2.42e-05  params=83,329  time=170.9s  CONVERGED

[90/192 | global 180/384] relu | moving_blob | target=scalar | lr=0.001 | layers=1 | hidden=256 | frames=100
  -> rel_error=0.3768  loss=2.75e-03  params=1,537  time=54.5s  NOT CONVERGED

[91/192 | global 182/384] relu | moving_blob | target=scalar | lr=0.001 | layers=2 | hidden=256 | frames=100
  -> rel_error=0.3963  loss=2.73e-03  params=1,537  time=54.5s  NOT CONVERGED

[92/192 | global 184/384] relu | moving_blob | target=scalar | lr=0.001 | layers=3 | hidden=256 | frames=100
  -> rel_error=0.0777  loss=9.36e-05  params=67,329  time=110.7s  NOT CONVERGED

[93/192 | global 186/384] relu | moving_blob | target=scalar | lr=0.001 | layers=5 | hidden=256 | frames=100
  -> rel_error=0.0197  loss=7.58e-06  params=198,913  time=222.2s  CONVERGED

[94/192 | global 188/384] relu | moving_blob | target=scalar | lr=0.001 | layers=7 | hidden=256 | frames=100
  -> rel_error=0.0156  loss=4.45e-06  params=330,497  time=334.1s  CONVERGED

[95/192 | global 190/384] siren | moving_blob | target=scalar | lr=0.001 | layers=1 | hidden=64 | frames=100 | omega=30.0
  -> rel_error=0.9221  loss=1.60e-02  params=5  time=6.8s  NOT CONVERGED

[96/192 | global 192/384] siren | moving_blob | target=scalar | lr=0.001 | layers=2 | hidden=64 | frames=100 | omega=30.0
  -> rel_error=0.2397  loss=1.14e-03  params=385  time=29.1s  NOT CONVERGED

[97/192 | global 194/384] siren | moving_blob | target=scalar | lr=0.001 | layers=3 | hidden=64 | frames=100 | omega=30.0
  -> rel_error=0.0151  loss=4.34e-06  params=4,545  time=53.0s  CONVERGED

[98/192 | global 196/384] siren | moving_blob | target=scalar | lr=0.001 | layers=7 | hidden=64 | frames=100 | omega=30.0
  -> rel_error=0.0273  loss=1.52e-05  params=21,185  time=150.4s  CONVERGED

[99/192 | global 198/384] siren | moving_blob | target=scalar | lr=0.001 | layers=1 | hidden=128 | frames=100 | omega=30.0
  -> rel_error=0.9223  loss=1.62e-02  params=5  time=6.9s  NOT CONVERGED

[100/192 | global 200/384] siren | moving_blob | target=scalar | lr=0.001 | layers=2 | hidden=128 | frames=100 | omega=30.0
  -> rel_error=0.1651  loss=5.18e-04  params=769  time=34.3s  NOT CONVERGED

[101/192 | global 202/384] siren | moving_blob | target=scalar | lr=0.001 | layers=3 | hidden=128 | frames=100 | omega=30.0
  -> rel_error=0.0101  loss=1.75e-06  params=17,281  time=65.1s  CONVERGED

[102/192 | global 204/384] siren | moving_blob | target=scalar | lr=0.001 | layers=5 | hidden=128 | frames=100 | omega=30.0
  -> rel_error=0.0105  loss=1.99e-06  params=50,305  time=127.8s  CONVERGED

[103/192 | global 206/384] siren | moving_blob | target=scalar | lr=0.001 | layers=7 | hidden=128 | frames=100 | omega=30.0
  -> rel_error=0.0125  loss=2.64e-06  params=83,329  time=193.2s  CONVERGED

[104/192 | global 208/384] siren | moving_blob | target=scalar | lr=0.001 | layers=1 | hidden=256 | frames=100 | omega=30.0
  -> rel_error=0.9221  loss=1.60e-02  params=5  time=6.6s  NOT CONVERGED

[105/192 | global 210/384] siren | moving_blob | target=scalar | lr=0.001 | layers=2 | hidden=256 | frames=100 | omega=30.0
  -> rel_error=0.1444  loss=4.48e-04  params=1,537  time=62.0s  NOT CONVERGED

[106/192 | global 212/384] siren | moving_blob | target=scalar | lr=0.001 | layers=3 | hidden=256 | frames=100 | omega=30.0
  -> rel_error=0.0095  loss=1.60e-06  params=67,329  time=125.2s  CONVERGED

[107/192 | global 214/384] siren | moving_blob | target=scalar | lr=0.001 | layers=5 | hidden=256 | frames=100 | omega=30.0
  -> rel_error=0.0188  loss=6.53e-06  params=198,913  time=251.5s  CONVERGED

[108/192 | global 216/384] siren | moving_blob | target=scalar | lr=0.001 | layers=7 | hidden=256 | frames=100 | omega=30.0
  -> rel_error=0.9222  loss=1.49e-02  params=330,497  time=378.3s  NOT CONVERGED

[109/192 | global 218/384] relu | moving_pulsating | target=scalar | lr=0.001 | layers=1 | hidden=64 | frames=100
  -> rel_error=0.8248  loss=3.05e-03  params=385  time=27.6s  NOT CONVERGED

[110/192 | global 220/384] relu | moving_pulsating | target=scalar | lr=0.001 | layers=2 | hidden=64 | frames=100
  -> rel_error=0.7759  loss=2.38e-03  params=385  time=27.5s  NOT CONVERGED

[111/192 | global 222/384] relu | moving_pulsating | target=scalar | lr=0.001 | layers=3 | hidden=64 | frames=100
  -> rel_error=0.4766  loss=9.02e-04  params=4,545  time=49.4s  NOT CONVERGED

[112/192 | global 224/384] relu | moving_pulsating | target=scalar | lr=0.001 | layers=7 | hidden=64 | frames=100
  -> rel_error=0.0922  loss=2.54e-05  params=21,185  time=139.6s  NOT CONVERGED

[113/192 | global 226/384] relu | moving_pulsating | target=scalar | lr=0.001 | layers=1 | hidden=128 | frames=100
  -> rel_error=0.6876  loss=2.33e-03  params=769  time=30.5s  NOT CONVERGED

[114/192 | global 228/384] relu | moving_pulsating | target=scalar | lr=0.001 | layers=2 | hidden=128 | frames=100
  -> rel_error=0.7019  loss=2.09e-03  params=769  time=30.5s  NOT CONVERGED

[115/192 | global 230/384] relu | moving_pulsating | target=scalar | lr=0.001 | layers=3 | hidden=128 | frames=100
  -> rel_error=0.2607  loss=3.68e-04  params=17,281  time=57.6s  NOT CONVERGED

[116/192 | global 232/384] relu | moving_pulsating | target=scalar | lr=0.001 | layers=5 | hidden=128 | frames=100
  -> rel_error=0.0620  loss=1.13e-05  params=50,305  time=112.6s  NOT CONVERGED

[117/192 | global 234/384] relu | moving_pulsating | target=scalar | lr=0.001 | layers=7 | hidden=128 | frames=100
  -> rel_error=0.0493  loss=8.35e-06  params=83,329  time=170.8s  CONVERGED

[118/192 | global 236/384] relu | moving_pulsating | target=scalar | lr=0.001 | layers=1 | hidden=256 | frames=100
  -> rel_error=0.6306  loss=1.46e-03  params=1,537  time=54.5s  NOT CONVERGED

[119/192 | global 238/384] relu | moving_pulsating | target=scalar | lr=0.001 | layers=2 | hidden=256 | frames=100
  -> rel_error=0.6487  loss=9.90e-04  params=1,537  time=54.5s  NOT CONVERGED

[120/192 | global 240/384] relu | moving_pulsating | target=scalar | lr=0.001 | layers=3 | hidden=256 | frames=100
  -> rel_error=0.2020  loss=1.24e-04  params=67,329  time=110.7s  NOT CONVERGED

[121/192 | global 242/384] relu | moving_pulsating | target=scalar | lr=0.001 | layers=5 | hidden=256 | frames=100
  -> rel_error=0.0467  loss=8.15e-06  params=198,913  time=222.0s  CONVERGED

[122/192 | global 244/384] relu | moving_pulsating | target=scalar | lr=0.001 | layers=7 | hidden=256 | frames=100
  -> rel_error=0.0362  loss=3.60e-06  params=330,497  time=334.0s  CONVERGED

[123/192 | global 246/384] siren | moving_pulsating | target=scalar | lr=0.001 | layers=1 | hidden=64 | frames=100 | omega=30.0
  -> rel_error=0.9641  loss=4.28e-03  params=5  time=6.9s  NOT CONVERGED

[124/192 | global 248/384] siren | moving_pulsating | target=scalar | lr=0.001 | layers=2 | hidden=64 | frames=100 | omega=30.0
  -> rel_error=0.5227  loss=8.09e-04  params=385  time=29.4s  NOT CONVERGED

[125/192 | global 250/384] siren | moving_pulsating | target=scalar | lr=0.001 | layers=3 | hidden=64 | frames=100 | omega=30.0
  -> rel_error=0.0971  loss=2.39e-05  params=4,545  time=53.0s  NOT CONVERGED

[126/192 | global 252/384] siren | moving_pulsating | target=scalar | lr=0.001 | layers=7 | hidden=64 | frames=100 | omega=30.0
  -> rel_error=0.0331  loss=1.93e-06  params=21,185  time=150.4s  CONVERGED

[127/192 | global 254/384] siren | moving_pulsating | target=scalar | lr=0.001 | layers=1 | hidden=128 | frames=100 | omega=30.0
  -> rel_error=0.9690  loss=3.54e-03  params=5  time=6.6s  NOT CONVERGED

[128/192 | global 256/384] siren | moving_pulsating | target=scalar | lr=0.001 | layers=2 | hidden=128 | frames=100 | omega=30.0
  -> rel_error=0.4765  loss=1.24e-03  params=769  time=34.3s  NOT CONVERGED

[129/192 | global 258/384] siren | moving_pulsating | target=scalar | lr=0.001 | layers=3 | hidden=128 | frames=100 | omega=30.0
  -> rel_error=0.0626  loss=1.37e-05  params=17,281  time=65.2s  NOT CONVERGED

[130/192 | global 260/384] siren | moving_pulsating | target=scalar | lr=0.001 | layers=5 | hidden=128 | frames=100 | omega=30.0
  -> rel_error=0.0472  loss=5.64e-06  params=50,305  time=127.8s  CONVERGED

[131/192 | global 262/384] siren | moving_pulsating | target=scalar | lr=0.001 | layers=7 | hidden=128 | frames=100 | omega=30.0
  -> rel_error=0.9675  loss=3.24e-03  params=83,329  time=193.2s  NOT CONVERGED

[132/192 | global 264/384] siren | moving_pulsating | target=scalar | lr=0.001 | layers=1 | hidden=256 | frames=100 | omega=30.0
  -> rel_error=0.9644  loss=5.40e-03  params=5  time=6.6s  NOT CONVERGED

[133/192 | global 266/384] siren | moving_pulsating | target=scalar | lr=0.001 | layers=2 | hidden=256 | frames=100 | omega=30.0
  -> rel_error=0.4376  loss=8.41e-04  params=1,537  time=62.0s  NOT CONVERGED

[134/192 | global 268/384] siren | moving_pulsating | target=scalar | lr=0.001 | layers=3 | hidden=256 | frames=100 | omega=30.0
  -> rel_error=0.0471  loss=9.66e-06  params=67,329  time=125.1s  CONVERGED

[135/192 | global 270/384] siren | moving_pulsating | target=scalar | lr=0.001 | layers=5 | hidden=256 | frames=100 | omega=30.0
  -> rel_error=0.0551  loss=1.25e-05  params=198,913  time=251.3s  NOT CONVERGED

[136/192 | global 272/384] siren | moving_pulsating | target=scalar | lr=0.001 | layers=7 | hidden=256 | frames=100 | omega=30.0
  -> rel_error=0.9674  loss=4.31e-03  params=330,497  time=378.2s  NOT CONVERGED

[137/192 | global 274/384] relu | moving_small | target=scalar | lr=0.001 | layers=1 | hidden=64 | frames=100
  -> rel_error=0.9970  loss=2.12e-04  params=385  time=27.6s  NOT CONVERGED

[138/192 | global 276/384] relu | moving_small | target=scalar | lr=0.001 | layers=2 | hidden=64 | frames=100
  -> rel_error=0.9933  loss=1.89e-04  params=385  time=27.5s  NOT CONVERGED

[139/192 | global 278/384] relu | moving_small | target=scalar | lr=0.001 | layers=3 | hidden=64 | frames=100
  -> rel_error=0.9833  loss=1.22e-04  params=4,545  time=49.4s  NOT CONVERGED

[140/192 | global 280/384] relu | moving_small | target=scalar | lr=0.001 | layers=7 | hidden=64 | frames=100
  -> rel_error=0.2455  loss=1.46e-05  params=21,185  time=139.5s  NOT CONVERGED

[141/192 | global 282/384] relu | moving_small | target=scalar | lr=0.001 | layers=1 | hidden=128 | frames=100
  -> rel_error=0.9982  loss=1.44e-04  params=769  time=30.4s  NOT CONVERGED

[142/192 | global 284/384] relu | moving_small | target=scalar | lr=0.001 | layers=2 | hidden=128 | frames=100
  -> rel_error=0.9919  loss=1.25e-04  params=769  time=30.4s  NOT CONVERGED

[143/192 | global 286/384] relu | moving_small | target=scalar | lr=0.001 | layers=3 | hidden=128 | frames=100
  -> rel_error=0.9435  loss=1.19e-04  params=17,281  time=57.6s  NOT CONVERGED

[144/192 | global 288/384] relu | moving_small | target=scalar | lr=0.001 | layers=5 | hidden=128 | frames=100
  -> rel_error=0.1753  loss=4.41e-06  params=50,305  time=112.7s  NOT CONVERGED

[145/192 | global 290/384] relu | moving_small | target=scalar | lr=0.001 | layers=7 | hidden=128 | frames=100
  -> rel_error=0.1224  loss=2.43e-06  params=83,329  time=170.9s  NOT CONVERGED

[146/192 | global 292/384] relu | moving_small | target=scalar | lr=0.001 | layers=1 | hidden=256 | frames=100
  -> rel_error=0.9916  loss=1.66e-04  params=1,537  time=54.5s  NOT CONVERGED

[147/192 | global 294/384] relu | moving_small | target=scalar | lr=0.001 | layers=2 | hidden=256 | frames=100
  -> rel_error=0.9822  loss=1.15e-04  params=1,537  time=54.5s  NOT CONVERGED

[148/192 | global 296/384] relu | moving_small | target=scalar | lr=0.001 | layers=3 | hidden=256 | frames=100
  -> rel_error=0.9567  loss=1.44e-04  params=67,329  time=110.7s  NOT CONVERGED

[149/192 | global 298/384] relu | moving_small | target=scalar | lr=0.001 | layers=5 | hidden=256 | frames=100
  -> rel_error=0.1152  loss=1.52e-06  params=198,913  time=222.2s  NOT CONVERGED

[150/192 | global 300/384] relu | moving_small | target=scalar | lr=0.001 | layers=7 | hidden=256 | frames=100
  -> rel_error=0.0634  loss=4.79e-07  params=330,497  time=333.9s  NOT CONVERGED

[151/192 | global 302/384] siren | moving_small | target=scalar | lr=0.001 | layers=1 | hidden=64 | frames=100 | omega=30.0
  -> rel_error=0.9994  loss=1.39e-04  params=5  time=6.8s  NOT CONVERGED

[152/192 | global 304/384] siren | moving_small | target=scalar | lr=0.001 | layers=2 | hidden=64 | frames=100 | omega=30.0
  -> rel_error=0.9813  loss=1.89e-04  params=385  time=29.4s  NOT CONVERGED

[153/192 | global 306/384] siren | moving_small | target=scalar | lr=0.001 | layers=3 | hidden=64 | frames=100 | omega=30.0
  -> rel_error=0.5544  loss=5.11e-05  params=4,545  time=53.0s  NOT CONVERGED

[154/192 | global 308/384] siren | moving_small | target=scalar | lr=0.001 | layers=7 | hidden=64 | frames=100 | omega=30.0
  -> rel_error=0.9994  loss=1.25e-04  params=21,185  time=150.5s  NOT CONVERGED

[155/192 | global 310/384] siren | moving_small | target=scalar | lr=0.001 | layers=1 | hidden=128 | frames=100 | omega=30.0
  -> rel_error=1.4142  loss=2.76e-04  params=5  time=6.6s  NOT CONVERGED

[156/192 | global 312/384] siren | moving_small | target=scalar | lr=0.001 | layers=2 | hidden=128 | frames=100 | omega=30.0
  -> rel_error=0.9780  loss=1.17e-04  params=769  time=34.3s  NOT CONVERGED

[157/192 | global 314/384] siren | moving_small | target=scalar | lr=0.001 | layers=3 | hidden=128 | frames=100 | omega=30.0
  -> rel_error=0.3626  loss=1.79e-05  params=17,281  time=65.2s  NOT CONVERGED

[158/192 | global 316/384] siren | moving_small | target=scalar | lr=0.001 | layers=5 | hidden=128 | frames=100 | omega=30.0
  -> rel_error=0.0792  loss=1.28e-06  params=50,305  time=127.9s  NOT CONVERGED

[159/192 | global 318/384] siren | moving_small | target=scalar | lr=0.001 | layers=7 | hidden=128 | frames=100 | omega=30.0
  -> rel_error=0.9994  loss=2.08e-04  params=83,329  time=193.3s  NOT CONVERGED

[160/192 | global 320/384] siren | moving_small | target=scalar | lr=0.001 | layers=1 | hidden=256 | frames=100 | omega=30.0
  -> rel_error=0.9999  loss=1.06e-04  params=5  time=6.7s  NOT CONVERGED

[161/192 | global 322/384] siren | moving_small | target=scalar | lr=0.001 | layers=2 | hidden=256 | frames=100 | omega=30.0
  -> rel_error=0.9682  loss=1.94e-04  params=1,537  time=62.1s  NOT CONVERGED

[162/192 | global 324/384] siren | moving_small | target=scalar | lr=0.001 | layers=3 | hidden=256 | frames=100 | omega=30.0
  -> rel_error=0.3487  loss=2.21e-05  params=67,329  time=125.3s  NOT CONVERGED

[163/192 | global 326/384] siren | moving_small | target=scalar | lr=0.001 | layers=5 | hidden=256 | frames=100 | omega=30.0
  -> rel_error=0.2022  loss=5.36e-06  params=198,913  time=251.7s  NOT CONVERGED

[164/192 | global 328/384] siren | moving_small | target=scalar | lr=0.001 | layers=7 | hidden=256 | frames=100 | omega=30.0
  -> rel_error=0.9972  loss=1.26e-04  params=330,497  time=378.5s  NOT CONVERGED

[165/192 | global 330/384] relu | multi_small_orbit | target=scalar | lr=0.001 | layers=1 | hidden=64 | frames=100
  -> rel_error=0.9989  loss=3.46e-04  params=385  time=27.7s  NOT CONVERGED

[166/192 | global 332/384] relu | multi_small_orbit | target=scalar | lr=0.001 | layers=2 | hidden=64 | frames=100
  -> rel_error=0.9872  loss=2.55e-04  params=385  time=27.7s  NOT CONVERGED

[167/192 | global 334/384] relu | multi_small_orbit | target=scalar | lr=0.001 | layers=3 | hidden=64 | frames=100
  -> rel_error=0.9557  loss=2.35e-04  params=4,545  time=49.4s  NOT CONVERGED

[168/192 | global 336/384] relu | multi_small_orbit | target=scalar | lr=0.001 | layers=7 | hidden=64 | frames=100
  -> rel_error=0.4573  loss=7.62e-05  params=21,185  time=139.5s  NOT CONVERGED

[169/192 | global 338/384] relu | multi_small_orbit | target=scalar | lr=0.001 | layers=1 | hidden=128 | frames=100
  -> rel_error=0.9842  loss=3.01e-04  params=769  time=30.4s  NOT CONVERGED

[170/192 | global 340/384] relu | multi_small_orbit | target=scalar | lr=0.001 | layers=2 | hidden=128 | frames=100
  -> rel_error=0.9811  loss=3.14e-04  params=769  time=30.4s  NOT CONVERGED

[171/192 | global 342/384] relu | multi_small_orbit | target=scalar | lr=0.001 | layers=3 | hidden=128 | frames=100
  -> rel_error=0.9487  loss=2.43e-04  params=17,281  time=57.6s  NOT CONVERGED

[172/192 | global 344/384] relu | multi_small_orbit | target=scalar | lr=0.001 | layers=5 | hidden=128 | frames=100
  -> rel_error=0.4698  loss=7.00e-05  params=50,305  time=112.7s  NOT CONVERGED

[173/192 | global 346/384] relu | multi_small_orbit | target=scalar | lr=0.001 | layers=7 | hidden=128 | frames=100
  -> rel_error=0.2784  loss=2.43e-05  params=83,329  time=170.9s  NOT CONVERGED

[174/192 | global 348/384] relu | multi_small_orbit | target=scalar | lr=0.001 | layers=1 | hidden=256 | frames=100
  -> rel_error=0.9739  loss=3.24e-04  params=1,537  time=54.5s  NOT CONVERGED

[175/192 | global 350/384] relu | multi_small_orbit | target=scalar | lr=0.001 | layers=2 | hidden=256 | frames=100
  -> rel_error=0.9733  loss=2.96e-04  params=1,537  time=54.5s  NOT CONVERGED

[176/192 | global 352/384] relu | multi_small_orbit | target=scalar | lr=0.001 | layers=3 | hidden=256 | frames=100
  -> rel_error=0.9477  loss=2.77e-04  params=67,329  time=110.6s  NOT CONVERGED

[177/192 | global 354/384] relu | multi_small_orbit | target=scalar | lr=0.001 | layers=5 | hidden=256 | frames=100
  -> rel_error=0.3801  loss=4.07e-05  params=198,913  time=222.0s  NOT CONVERGED

[178/192 | global 356/384] relu | multi_small_orbit | target=scalar | lr=0.001 | layers=7 | hidden=256 | frames=100
  -> rel_error=0.3486  loss=2.90e-05  params=330,497  time=334.3s  NOT CONVERGED

[179/192 | global 358/384] siren | multi_small_orbit | target=scalar | lr=0.001 | layers=1 | hidden=64 | frames=100 | omega=30.0
  -> rel_error=0.9987  loss=3.08e-04  params=5  time=6.9s  NOT CONVERGED

[180/192 | global 360/384] siren | multi_small_orbit | target=scalar | lr=0.001 | layers=2 | hidden=64 | frames=100 | omega=30.0
  -> rel_error=0.9664  loss=3.02e-04  params=385  time=29.3s  NOT CONVERGED

[181/192 | global 362/384] siren | multi_small_orbit | target=scalar | lr=0.001 | layers=3 | hidden=64 | frames=100 | omega=30.0
  -> rel_error=0.6989  loss=1.70e-04  params=4,545  time=53.0s  NOT CONVERGED

[182/192 | global 364/384] siren | multi_small_orbit | target=scalar | lr=0.001 | layers=7 | hidden=64 | frames=100 | omega=30.0
  -> rel_error=0.9983  loss=2.77e-04  params=21,185  time=150.4s  NOT CONVERGED

[183/192 | global 366/384] siren | multi_small_orbit | target=scalar | lr=0.001 | layers=1 | hidden=128 | frames=100 | omega=30.0
  -> rel_error=0.9983  loss=3.30e-04  params=5  time=6.6s  NOT CONVERGED

[184/192 | global 368/384] siren | multi_small_orbit | target=scalar | lr=0.001 | layers=2 | hidden=128 | frames=100 | omega=30.0
  -> rel_error=0.9645  loss=3.01e-04  params=769  time=34.3s  NOT CONVERGED

[185/192 | global 370/384] siren | multi_small_orbit | target=scalar | lr=0.001 | layers=3 | hidden=128 | frames=100 | omega=30.0
  -> rel_error=0.5271  loss=8.08e-05  params=17,281  time=65.1s  NOT CONVERGED

[186/192 | global 372/384] siren | multi_small_orbit | target=scalar | lr=0.001 | layers=5 | hidden=128 | frames=100 | omega=30.0
  -> rel_error=0.2540  loss=2.24e-05  params=50,305  time=127.8s  NOT CONVERGED

[187/192 | global 374/384] siren | multi_small_orbit | target=scalar | lr=0.001 | layers=7 | hidden=128 | frames=100 | omega=30.0
  -> rel_error=0.0535  loss=5.08e-07  params=83,329  time=193.3s  NOT CONVERGED

[188/192 | global 376/384] siren | multi_small_orbit | target=scalar | lr=0.001 | layers=1 | hidden=256 | frames=100 | omega=30.0
  -> rel_error=0.9983  loss=2.67e-04  params=5  time=6.6s  NOT CONVERGED

[189/192 | global 378/384] siren | multi_small_orbit | target=scalar | lr=0.001 | layers=2 | hidden=256 | frames=100 | omega=30.0
  -> rel_error=0.9574  loss=2.87e-04  params=1,537  time=62.0s  NOT CONVERGED

[190/192 | global 380/384] siren | multi_small_orbit | target=scalar | lr=0.001 | layers=3 | hidden=256 | frames=100 | omega=30.0
  -> rel_error=0.3906  loss=4.75e-05  params=67,329  time=125.2s  NOT CONVERGED

[191/192 | global 382/384] siren | multi_small_orbit | target=scalar | lr=0.001 | layers=5 | hidden=256 | frames=100 | omega=30.0
  -> rel_error=0.1963  loss=8.66e-06  params=198,913  time=251.4s  NOT CONVERGED

[192/192 | global 384/384] siren | multi_small_orbit | target=scalar | lr=0.001 | layers=7 | hidden=256 | frames=100 | omega=30.0
  -> rel_error=0.9983  loss=3.57e-04  params=330,497  time=378.3s  NOT CONVERGED

Worker 1 results saved to results/field_sweep_dynamic_h64/sweep_results_worker1.npz

Summary: 22/192 converged (rel_error < 0.05)
